// Jest Snapshot v1, https://goo.gl/fbAQLP

exports[`renders correctly 1`] = `
<body>
  <div>
    <div
      class="flex items-center"
    >
      <button
        aria-checked="false"
        aria-labelledby="headlessui-label-2"
        class="bg-gray-200 flex-shrink-0 group relative rounded-full inline-flex items-center justify-center cursor-pointer  focus:outline-none focus:ring-2 focus:ring-offset-2 focus:ring-primary-500 h-6 w-11"
        id="headlessui-switch-1"
        role="switch"
        tabindex="0"
        type="button"
      >
        <span
          class="sr-only"
        >
          Use setting
        </span>
        <span
          aria-hidden="true"
          class="pointer-events-none absolute bg-white w-full h-full rounded-md"
        />
        <span
          aria-hidden="true"
          class="bg-gray-200 pointer-events-none absolute  mx-auto rounded-full transition-colors ease-in-out duration-200 h-6 w-11"
        />
        <span
          aria-hidden="true"
          class="translate-x-0 pointer-events-none absolute left-0 inline-block h-5 w-5 border border-gray-200 rounded-full bg-white shadow transform ring-0 transition-transform ease-in-out duration-200"
        />
      </button>
      <span
        class="text-sm font-medium text-gray-900 ml-3"
        id="headlessui-label-2"
      />
    </div>
  </div>
</body>
`;
